// Jest Snapshot v1, https://goo.gl/fbAQLP

exports[`CardStarship Component should match snapshot 1`] = `
<div
  className="StarshipCard DarkTheme"
>
  <p
    className="StarshipCard__Name"
  />
  <img
    className="StarshipCard__Image"
  />
  <div
    className="StarshipCard__Details"
  >
    <cardRowData
      label="Class: "
      theme="DarkTheme"
    />
    <cardRowData
      label="Cost: "
      theme="DarkTheme"
    />
    <cardRowData
      label="Crew: "
      theme="DarkTheme"
    />
    <cardRowData
      label="Max Atmospheric speed: "
      theme="DarkTheme"
    />
    <cardRowData
      label="Hyperdrive Rating: "
      theme="DarkTheme"
    />
  </div>
</div>
`;
