// Jest Snapshot v1, https://goo.gl/fbAQLP

exports[`CardEpisodeHeader Component should match snapshot 1`] = `
<div
  className="Card DarkTheme"
>
  <img
    className="Card__Image"
  />
  <div
    className="Card__Details"
  >
    <p
      className="Card__Title"
    />
    <p
      className="Card__SubTitle"
    />
  </div>
</div>
`;
