// Jest Snapshot v1, https://goo.gl/fbAQLP

exports[`CardEpisodeSummary Component should match snapshot 1`] = `
<div
  className="Card DarkTheme"
>
  <div
    className="Card__Details"
  >
    <p
      className="Card__Summary"
    />
    <cardRowData
      label="Director: "
      theme="DarkTheme"
    />
    <cardRowData
      label="Release date: "
      theme="DarkTheme"
    />
  </div>
</div>
`;
